###############################################################################
#
# IAR ELF Linker V8.50.9.278/W32 for ARM                  10/Apr/2021  00:40:51
# Copyright 2007-2020 IAR Systems AB.
#
#    Output file  =
#        F:\00_Embedded_Systems\ES_UTFPR\Projects\RTOS\prodcons\ewarm\Exe\prodcons.out
#    Map file     =
#        F:\00_Embedded_Systems\ES_UTFPR\Projects\RTOS\prodcons\ewarm\List\prodcons.map
#    Command line =
#        -f C:\Users\karac\AppData\Local\Temp\EWDCD0.tmp
#        (F:\00_Embedded_Systems\ES_UTFPR\Projects\RTOS\prodcons\ewarm\Obj\driverbuttons.o
#        F:\00_Embedded_Systems\ES_UTFPR\Projects\RTOS\prodcons\ewarm\Obj\driverleds.o
#        F:\00_Embedded_Systems\ES_UTFPR\Projects\Aula1\driverlib\ewarm\Exe\driverlib.a
#        F:\00_Embedded_Systems\ES_UTFPR\Projects\RTOS\prodcons\ewarm\Obj\prodcons.o
#        F:\00_Embedded_Systems\ES_UTFPR\CMSIS-5.6.0\CMSIS\RTOS2\RTX\Library\IAR\RTX_CM4F.a
#        F:\00_Embedded_Systems\ES_UTFPR\Projects\RTOS\prodcons\ewarm\Obj\RTX_Config.o
#        F:\00_Embedded_Systems\ES_UTFPR\Projects\RTOS\prodcons\ewarm\Obj\rtx_lib.o
#        F:\00_Embedded_Systems\ES_UTFPR\Projects\RTOS\prodcons\ewarm\Obj\startup_TM4C1294.o
#        F:\00_Embedded_Systems\ES_UTFPR\Projects\RTOS\prodcons\ewarm\Obj\system_TM4C1294_TW.o
#        --no_out_extension -o
#        F:\00_Embedded_Systems\ES_UTFPR\Projects\RTOS\prodcons\ewarm\Exe\prodcons.out
#        --map
#        F:\00_Embedded_Systems\ES_UTFPR\Projects\RTOS\prodcons\ewarm\List\prodcons.map
#        --config "C:\Program Files (x86)\IAR Systems\Embedded Workbench
#        8.4\arm\config\linker\TexasInstruments\TM4C1294NC.icf" --semihosting
#        --entry __iar_program_start --vfe --text_out locale)
#
###############################################################################

*******************************************************************************
*** MESSAGES
***

Warning[Lt009]: Inconsistent wchar_t size
            gpio.o(driverlib.a) and 3 other objects in driverlib.a have wchar_t
                      size 16 bits
            driverbuttons.o and 29 other objects, some of them in RTX_CM4F.a
                      and 14 other libraries have wchar_t size 32 bits


*******************************************************************************
*** RUNTIME MODEL ATTRIBUTES
***

CppFlavor       = *
__SystemLibrary = DLib
__dlib_version  = 6


*******************************************************************************
*** HEAP SELECTION
***

The basic heap was selected because some modules are built with
size limitations (and not runtime checking), and --advanced_heap
was not specified.


*******************************************************************************
*** PLACEMENT SUMMARY
***

"A0":  place at address 0x0 { ro section .intvec };
"P1":  place in [from 0x0 to 0xf'ffff] { ro };
define block CSTACK with size = 32K, alignment = 8 { };
define block HEAP with size = 64K, alignment = 8 { };
"P2":  place in [from 0x2000'0000 to 0x2003'ffff] {
          rw, block CSTACK, block HEAP };
initialize by copy { rw };

  Section               Kind         Address    Size  Object
  -------               ----         -------    ----  ------
"A0":                                          0x3c0
  .intvec               ro code          0x0   0x3c0  startup_TM4C1294.o [1]
                                     - 0x3c0   0x3c0

"P1":                                         0x2335
  .text                 ro code        0x3c0   0x600  rtx_thread.o [2]
  .text                 ro code        0x9c0    0xcc  rtx_mempool.o [2]
  .text                 ro code        0xa8c    0x7a  rtx_memory.o [2]
  .text                 ro code        0xb06    0x3a  zero_init3.o [5]
  .text                 ro code        0xb40     0x6  ABImemclr4.o [5]
  .text                 ro code        0xb46    0x42  rtx_memory.o [2]
  .text                 ro code        0xb88    0x42  rtx_mutex.o [2]
  .text                 ro code        0xbca     0x2  RTX_Config.o [1]
  .text                 ro code        0xbcc    0x32  ABImemset48.o [5]
  .text                 ro code        0xbfe     0x2  RTX_Config.o [1]
  .text                 ro code        0xc00   0x4f0  rtx_msgqueue.o [2]
  .text                 ro code       0x10f0    0xa6  ABImemcpy.o [5]
  .text                 ro code       0x1196     0x2  startup_TM4C1294.o [1]
  .text                 ro code       0x1198     0x6  ABImemclr.o [5]
  .text                 ro code       0x11a0   0x16c  rtx_system.o [2]
  .text                 ro code       0x130c    0x5e  ABImemset.o [5]
  .text                 ro code       0x136c     0xc  os_systick.o [2]
  .text                 ro code       0x1378   0x4e0  sysctl.o [4]
  .text                 ro code       0x1858   0x244  rtx_kernel.o [2]
  .text                 ro code       0x1a9c    0x36  rtx_memory.o [2]
  .text                 ro code       0x1ad4    0x40  os_systick.o [2]
  .text                 ro code       0x1b14     0x6  os_systick.o [2]
  .text                 ro code       0x1b1c    0x2c  os_systick.o [2]
  .text                 ro code       0x1b48     0x2  rtx_lib.o [1]
  .text                 ro code       0x1b4c   0x234  rtx_semaphore.o [2]
  .text                 ro code       0x1d80   0x1d8  gpio.o [4]
  .text                 ro code       0x1f58   0x134  driverleds.o [1]
  .text                 ro code       0x208c    0xf0  driverbuttons.o [1]
  .text                 ro code       0x217c    0xdc  interrupt.o [4]
  .text                 ro code       0x2258    0xd8  prodcons.o [1]
  .text                 ro code       0x2330    0x3c  rtx_delay.o [2]
  .text                 ro code       0x236c    0x2c  system_TM4C1294_TW.o [1]
  .text                 ro code       0x2398    0xc8  rtx_timer.o [2]
  .text                 ro code       0x2460    0xc4  irq_cm4f.o [2]
  .rodata               const         0x2524    0x68  rtx_lib.o [1]
  .text                 ro code       0x258c    0x38  packbits_init_single.o [5]
  .text                 ro code       0x25c4    0x28  data_init.o [5]
  .rodata               const         0x25ec    0x24  rtx_lib.o [1]
  .rodata               const         0x2610    0x24  rtx_lib.o [1]
  .iar.init_table       const         0x2634    0x20  - Linker created -
  .text                 ro code       0x2654    0x1e  cmain.o [5]
  .text                 ro code       0x2672     0x4  low_level_init.o [3]
  .text                 ro code       0x2676     0x4  exit.o [3]
  .text                 ro code       0x267c     0xa  cexit.o [5]
  .text                 ro code       0x2688    0x14  exit.o [6]
  .text                 ro code       0x269c    0x1c  cstartup_M.o [5]
  .text                 ro code       0x26b8    0x14  startup_TM4C1294.o [1]
  .rodata               const         0x26cc    0x18  rtx_lib.o [1]
  .rodata               const         0x26e4     0x4  rtx_lib.o [1]
  .rodata               const         0x26e8     0x0  zero_init3.o [5]
  .rodata               const         0x26e8     0x0  packbits_init_single.o [5]
  Initializer bytes     const         0x26e8     0xd  <for P2-1>
                                    - 0x26f5  0x2335

"P2", part 1 of 3:                              0xa4
  P2-1                           0x2000'0000    0xa4  <Init block>
    .data.os            inited   0x2000'0000    0xa4  rtx_kernel.o [2]
                               - 0x2000'00a4    0xa4

"P2", part 2 of 3:                            0x136c
  .bss.os               zero     0x2000'00a8  0x1000  rtx_lib.o [1]
  .bss.os.thread.stack  zero     0x2000'10a8   0x100  rtx_lib.o [1]
  .bss.os.thread.stack  zero     0x2000'11a8   0x100  rtx_lib.o [1]
  .bss.os.msgqueue.mem  zero     0x2000'12a8    0x50  rtx_lib.o [1]
  .bss.os.thread.cb     zero     0x2000'12f8    0x44  rtx_lib.o [1]
  .bss.os.thread.cb     zero     0x2000'133c    0x44  rtx_lib.o [1]
  .bss.os               zero     0x2000'1380    0x40  rtx_lib.o [1]
  .bss.os.msgqueue.cb   zero     0x2000'13c0    0x34  rtx_lib.o [1]
  .bss                  zero     0x2000'13f4    0x18  prodcons.o [1]
  .bss                  zero     0x2000'140c     0x1  os_systick.o [2]
                               - 0x2000'140d  0x1369

"P2", part 3 of 3:                            0x8008
  .noinit               uninit   0x2000'1410     0x4  system_TM4C1294_TW.o [1]
  CSTACK                         0x2000'1418  0x8000  <Block>
    CSTACK              uninit   0x2000'1418  0x8000  <Block tail>
                               - 0x2000'9418  0x8008

Unused ranges:

         From           To      Size
         ----           --      ----
       0x26f5     0xf'ffff  0xf'd90b
  0x2000'9418  0x2003'ffff  0x3'6be8


*******************************************************************************
*** INIT TABLE
***

          Address      Size
          -------      ----
Zero (__iar_zero_init3)
    1 destination range, total size 0x1365:
          0x2000'00a8  0x1365

Copy/packbits (__iar_packbits_init_single3)
    1 source range, total size 0xd (7% of destination):
               0x26e8     0xd
    1 destination range, total size 0xa4:
          0x2000'0000    0xa4



*******************************************************************************
*** MODULE SUMMARY
***

    Module                  ro code  ro data  rw data
    ------                  -------  -------  -------
command line/config:
    -------------------------------------------------
    Total:

F:\00_Embedded_Systems\ES_UTFPR\Projects\RTOS\prodcons\ewarm\Obj: [1]
    RTX_Config.o                  4
    driverbuttons.o             240
    driverleds.o                308
    prodcons.o                  216                24
    rtx_lib.o                     2      204    4'940
    startup_TM4C1294.o          982
    system_TM4C1294_TW.o         44                 4
    -------------------------------------------------
    Total:                    1'796      204    4'968

RTX_CM4F.a: [2]
    irq_cm4f.o                  196
    os_systick.o                126                 1
    rtx_delay.o                  60
    rtx_kernel.o                580       13      164
    rtx_memory.o                242
    rtx_mempool.o               204
    rtx_msgqueue.o            1'264
    rtx_mutex.o                  66
    rtx_semaphore.o             564
    rtx_system.o                364
    rtx_thread.o              1'536
    rtx_timer.o                 200
    -------------------------------------------------
    Total:                    5'402       13      165

dl7M_tln.a: [3]
    exit.o                        4
    low_level_init.o              4
    -------------------------------------------------
    Total:                        8

driverlib.a: [4]
    gpio.o                      472
    interrupt.o                 220
    sysctl.o                  1'248
    -------------------------------------------------
    Total:                    1'940

rt7M_tl.a: [5]
    ABImemclr.o                   6
    ABImemclr4.o                  6
    ABImemcpy.o                 166
    ABImemset.o                  94
    ABImemset48.o                50
    cexit.o                      10
    cmain.o                      30
    cstartup_M.o                 28
    data_init.o                  40
    packbits_init_single.o       56
    zero_init3.o                 58
    -------------------------------------------------
    Total:                      544

shb_l.a: [6]
    exit.o                       20
    -------------------------------------------------
    Total:                       20

    Gaps                         14                 4
    Linker created                        32   32'768
-----------------------------------------------------
    Grand Total:              9'724      249   37'905


*******************************************************************************
*** ENTRY LIST
***

Entry                       Address    Size  Type      Object
-----                       -------    ----  ----      ------
.iar.init_table$$Base        0x2634           --   Gb  - Linker created -
.iar.init_table$$Limit       0x2654           --   Gb  - Linker created -
?main                        0x2655          Code  Gb  cmain.o [5]
ButtonInit                   0x208d    0x50  Code  Gb  driverbuttons.o [1]
ButtonIntClear               0x2151    0x24  Code  Gb  driverbuttons.o [1]
ButtonIntDisable             0x2121    0x30  Code  Gb  driverbuttons.o [1]
ButtonIntEnable              0x20dd    0x44  Code  Gb  driverbuttons.o [1]
CSTACK$$Base            0x2000'1418           --   Gb  - Linker created -
CSTACK$$Limit           0x2000'9418           --   Gb  - Linker created -
GPIODirModeSet               0x1d81    0x28  Code  Gb  gpio.o [4]
GPIOIntClear                 0x1eff     0x6  Code  Gb  gpio.o [4]
GPIOIntDisable               0x1ef9     0x6  Code  Gb  gpio.o [4]
GPIOIntEnable                0x1ef3     0x6  Code  Gb  gpio.o [4]
GPIOIntTypeSet               0x1da9    0x4c  Code  Gb  gpio.o [4]
GPIOJ_Handler                0x2259    0x3a  Code  Gb  prodcons.o [1]
GPIOPadConfigSet             0x1df5    0xfe  Code  Gb  gpio.o [4]
GPIOPinTypeGPIOInput         0x1f0f    0x14  Code  Gb  gpio.o [4]
GPIOPinTypeGPIOOutput        0x1f23     0xa  Code  Gb  gpio.o [4]
GPIOPinWrite                 0x1f05     0x6  Code  Gb  gpio.o [4]
IntDisable                   0x21d3    0x56  Code  Gb  interrupt.o [4]
IntEnable                    0x217d    0x56  Code  Gb  interrupt.o [4]
LEDInit                      0x1f59    0xac  Code  Gb  driverleds.o [1]
LEDWrite                     0x2023    0x58  Code  Gb  driverleds.o [1]
MessageQueueGet               0xc4d    0x40  Code  Lc  rtx_msgqueue.o [2]
MessageQueuePut               0xc01    0x4a  Code  Lc  rtx_msgqueue.o [2]
MessageQueueRemove            0xc8d    0x1a  Code  Lc  rtx_msgqueue.o [2]
OS_Tick_AcknowledgeIRQ       0x136d     0xc  Code  Wk  os_systick.o [2]
OS_Tick_Enable               0x1b1d    0x2c  Code  Wk  os_systick.o [2]
OS_Tick_GetIRQn              0x1b15     0x6  Code  Wk  os_systick.o [2]
OS_Tick_Setup                0x1ad5    0x40  Code  Wk  os_systick.o [2]
PendST                  0x2000'140c     0x1  Data  Lc  os_systick.o [2]
PendSV_Handler               0x24f9          Code  Gb  irq_cm4f.o [2]
Region$$Table$$Base          0x2634           --   Gb  - Linker created -
Region$$Table$$Limit         0x2654           --   Gb  - Linker created -
SVC_Handler                  0x2461          Code  Gb  irq_cm4f.o [2]
SysCtlClockFreqSet           0x13d5   0x204  Code  Gb  sysctl.o [4]
SysCtlPeripheralEnable       0x13b9     0x8  Code  Gb  sysctl.o [4]
SysCtlPeripheralReady        0x1399     0x8  Code  Gb  sysctl.o [4]
SysTick_Handler              0x2509          Code  Gb  irq_cm4f.o [2]
SystemCoreClock         0x2000'1410     0x4  Data  Gb  system_TM4C1294_TW.o [1]
SystemInit                   0x236d    0x1a  Code  Gb  system_TM4C1294_TW.o [1]
ThreadFlagsCheck              0x3c1    0x6c  Code  Lc  rtx_thread.o [2]
TimerInsert                  0x2399    0x36  Code  Lc  rtx_timer.o [2]
_SysCtlMemTimingGet          0x1379    0x20  Code  Lc  sysctl.o [4]
__Vectors                       0x0           --   Gb  startup_TM4C1294.o [1]
__Vectors_End                 0x3c0          Data  Gb  startup_TM4C1294.o [1]
__Vectors_Size {Abs}          0x3c0           --   Gb  startup_TM4C1294.o [1]
__aeabi_memclr               0x1199          Code  Gb  ABImemclr.o [5]
__aeabi_memclr4               0xb41          Code  Gb  ABImemclr4.o [5]
__aeabi_memcpy               0x10f1          Code  Gb  ABImemcpy.o [5]
__aeabi_memcpy4              0x1111          Code  Gb  ABImemcpy.o [5]
__aeabi_memcpy8              0x1111          Code  Gb  ABImemcpy.o [5]
__cmain                      0x2655          Code  Gb  cmain.o [5]
__exit                       0x2689    0x14  Code  Gb  exit.o [6]
__iar_Memset4_word            0xbcd          Code  Gb  ABImemset48.o [5]
__iar_Memset8_word            0xbcd          Code  Gb  ABImemset48.o [5]
__iar_Memset_word            0x130d          Code  Gb  ABImemset.o [5]
__iar_data_init3             0x25c5    0x28  Code  Gb  data_init.o [5]
__iar_init_vfp               0x26c1          Code  Wk  startup_TM4C1294.o [1]
__iar_packbits_init_single3
                             0x258d    0x38  Code  Gb  packbits_init_single.o [5]
__iar_program_start          0x269d          Code  Gb  cstartup_M.o [5]
__iar_zero_init3              0xb07    0x3a  Code  Gb  zero_init3.o [5]
__low_level_init             0x2673     0x4  Code  Gb  low_level_init.o [3]
__vector_table                  0x0          Data  Gb  startup_TM4C1294.o [1]
__vector_table_0x1c            0x1c          Data  Gb  startup_TM4C1294.o [1]
_call_main                   0x2661          Code  Gb  cmain.o [5]
_exit                        0x267d          Code  Gb  cexit.o [5]
_main                        0x266b          Code  Gb  cmain.o [5]
buffer                  0x2000'13f8     0x8  Data  Gb  prodcons.o [1]
cheio_id                0x2000'1408     0x4  Data  Gb  prodcons.o [1]
consumidor                   0x2293    0x44  Code  Gb  prodcons.o [1]
consumidor_id           0x2000'1400     0x4  Data  Gb  prodcons.o [1]
count                   0x2000'13f5     0x1  Data  Gb  prodcons.o [1]
exit                         0x2677     0x4  Code  Gb  exit.o [3]
g_pppui32XTALtoVCO           0x1670   0x1b0  Data  Lc  sysctl.o [4]
g_pui32Dii16Regs             0x2244    0x14  Data  Lc  interrupt.o [4]
g_pui32EnRegs                0x2230    0x14  Data  Lc  interrupt.o [4]
g_pui32VCOFrequencies        0x1850     0x8  Data  Lc  sysctl.o [4]
g_pui32Xtals                 0x1604    0x6c  Data  Lc  sysctl.o [4]
g_sXTALtoMEMTIM              0x1820    0x30  Data  Lc  sysctl.o [4]
index_i                 0x2000'13f4     0x1  Data  Gb  prodcons.o [1]
main                         0x22d7    0x50  Code  Gb  prodcons.o [1]
osDelay                      0x2341    0x20  Code  Gb  rtx_delay.o [2]
osKernelGetState             0x1a1d    0x30  Code  Gb  rtx_kernel.o [2]
osKernelInitialize           0x19f1    0x2a  Code  Gb  rtx_kernel.o [2]
osKernelStart                0x1a4d    0x20  Code  Gb  rtx_kernel.o [2]
osMessageQueueGet            0x106d    0x5a  Code  Gb  rtx_msgqueue.o [2]
osMessageQueueNew             0xfe5    0x22  Code  Gb  rtx_msgqueue.o [2]
osMessageQueuePut            0x1009    0x62  Code  Gb  rtx_msgqueue.o [2]
osRtxConfig                  0x2524    0x68  Data  Gb  rtx_lib.o [1]
osRtxErrorNotify              0xbcb     0x2  Code  Wk  RTX_Config.o [1]
osRtxIdleThread               0xbff     0x2  Code  Wk  RTX_Config.o [1]
osRtxInfo               0x2000'0000    0xa4  Data  Gb  rtx_kernel.o [2]
osRtxKernelPreInit           0x1b49     0x2  Code  Gb  rtx_lib.o [1]
osRtxMemoryAlloc              0xa8d    0x7a  Code  Wk  rtx_memory.o [2]
osRtxMemoryFree               0xb47    0x42  Code  Wk  rtx_memory.o [2]
osRtxMemoryInit              0x1a9d    0x36  Code  Wk  rtx_memory.o [2]
osRtxMemoryPoolAlloc          0xa05    0x3a  Code  Gb  rtx_mempool.o [2]
osRtxMemoryPoolFree           0xa41    0x4c  Code  Gb  rtx_mempool.o [2]
osRtxMemoryPoolInit           0x9c1    0x42  Code  Gb  rtx_mempool.o [2]
osRtxMessageQueuePostProcess
                              0xca7    0xba  Code  Lc  rtx_msgqueue.o [2]
osRtxMutexOwnerRelease        0xb89    0x42  Code  Gb  rtx_mutex.o [2]
osRtxPendSV_Handler          0x1209    0x8a  Code  Gb  rtx_system.o [2]
osRtxPostProcess             0x1295    0x6e  Code  Gb  rtx_system.o [2]
osRtxSemaphorePostProcess
                             0x1b4d    0x3a  Code  Lc  rtx_semaphore.o [2]
osRtxThreadBlock              0x573    0x2e  Code  Lc  rtx_thread.o [2]
osRtxThreadDelayInsert        0x481    0x62  Code  Lc  rtx_thread.o [2]
osRtxThreadDelayRemove        0x4e3    0x44  Code  Lc  rtx_thread.o [2]
osRtxThreadDelayTick          0x527    0x38  Code  Gb  rtx_thread.o [2]
osRtxThreadDispatch           0x5af    0x60  Code  Gb  rtx_thread.o [2]
osRtxThreadFree               0x83f    0x56  Code  Lc  rtx_thread.o [2]
osRtxThreadListGet            0x44f    0x14  Code  Gb  rtx_thread.o [2]
osRtxThreadListPut            0x42d    0x22  Code  Gb  rtx_thread.o [2]
osRtxThreadListRemove         0x463    0x16  Code  Gb  rtx_thread.o [2]
osRtxThreadPostProcess        0x671    0x36  Code  Lc  rtx_thread.o [2]
osRtxThreadReadyPut           0x479     0x8  Code  Gb  rtx_thread.o [2]
osRtxThreadRegPtr             0x55f    0x14  Code  Gb  rtx_thread.o [2]
osRtxThreadStartup            0x90f    0x32  Code  Gb  rtx_thread.o [2]
osRtxThreadSwitch             0x5a1     0xe  Code  Gb  rtx_thread.o [2]
osRtxThreadWaitEnter          0x63d    0x34  Code  Gb  rtx_thread.o [2]
osRtxThreadWaitExit           0x60f    0x28  Code  Gb  rtx_thread.o [2]
osRtxTick_Handler            0x11a1    0x68  Code  Gb  rtx_system.o [2]
osRtxTimerThread             0x2425    0x3c  Code  Wk  rtx_timer.o [2]
osRtxTimerTick               0x23cf    0x52  Code  Lc  rtx_timer.o [2]
osRtxUserSVC                 0x26e4     0x4  Data  Wk  rtx_lib.o [1]
osSemaphoreAcquire           0x1cb5    0x58  Code  Gb  rtx_semaphore.o [2]
osSemaphoreNew               0x1c91    0x22  Code  Gb  rtx_semaphore.o [2]
osSemaphoreRelease           0x1d0d    0x58  Code  Gb  rtx_semaphore.o [2]
osThreadExit                  0x96d     0x8  Code  Gb  rtx_thread.o [2]
osThreadNew                   0x945    0x22  Code  Gb  rtx_thread.o [2]
os_idle_thread_attr          0x25ec    0x24  Data  Lc  rtx_lib.o [1]
os_idle_thread_cb       0x2000'12f8    0x44  Data  Lc  rtx_lib.o [1]
os_idle_thread_stack    0x2000'10a8   0x100  Data  Lc  rtx_lib.o [1]
os_isr_queue            0x2000'1380    0x40  Data  Lc  rtx_lib.o [1]
os_mem                  0x2000'00a8  0x1000  Data  Lc  rtx_lib.o [1]
os_timer_mq_attr             0x26cc    0x18  Data  Lc  rtx_lib.o [1]
os_timer_mq_cb          0x2000'13c0    0x34  Data  Lc  rtx_lib.o [1]
os_timer_mq_data        0x2000'12a8    0x50  Data  Lc  rtx_lib.o [1]
os_timer_thread_attr         0x2610    0x24  Data  Lc  rtx_lib.o [1]
os_timer_thread_cb      0x2000'133c    0x44  Data  Lc  rtx_lib.o [1]
os_timer_thread_stack   0x2000'11a8   0x100  Data  Lc  rtx_lib.o [1]
svcRtxDelay                  0x2331    0x10  Code  Lc  rtx_delay.o [2]
svcRtxKernelGetState         0x1961     0x2  Code  Lc  rtx_kernel.o [2]
svcRtxKernelInitialize       0x1859   0x108  Code  Lc  rtx_kernel.o [2]
svcRtxKernelStart            0x196b    0x84  Code  Lc  rtx_kernel.o [2]
svcRtxMessageQueueGet         0xf09    0xbc  Code  Lc  rtx_msgqueue.o [2]
svcRtxMessageQueueNew         0xd61   0x108  Code  Lc  rtx_msgqueue.o [2]
svcRtxMessageQueuePut         0xe69    0xa0  Code  Lc  rtx_msgqueue.o [2]
svcRtxSemaphoreAcquire       0x1bf5    0x4c  Code  Lc  rtx_semaphore.o [2]
svcRtxSemaphoreNew           0x1b87    0x6c  Code  Lc  rtx_semaphore.o [2]
svcRtxSemaphoreRelease       0x1c41    0x48  Code  Lc  rtx_semaphore.o [2]
svcRtxThreadExit              0x895    0x7a  Code  Lc  rtx_thread.o [2]
svcRtxThreadNew               0x6a7   0x192  Code  Lc  rtx_thread.o [2]
vazio_id                0x2000'1404     0x4  Data  Gb  prodcons.o [1]


[1] = F:\00_Embedded_Systems\ES_UTFPR\Projects\RTOS\prodcons\ewarm\Obj
[2] = RTX_CM4F.a
[3] = dl7M_tln.a
[4] = driverlib.a
[5] = rt7M_tl.a
[6] = shb_l.a

   9'724 bytes of readonly  code memory
     249 bytes of readonly  data memory
  37'905 bytes of readwrite data memory

Errors: none
Warnings: 1
