###############################################################################
#
# IAR ELF Linker V8.50.9.278/W32 for ARM                  03/Apr/2021  02:48:58
# Copyright 2007-2020 IAR Systems AB.
#
#    Output file  =
#        F:\00_Embedded_Systems\ES_UTFPR\Projects\RTOS\tarefas\ewarm\Exe\tarefas.out
#    Map file     =
#        F:\00_Embedded_Systems\ES_UTFPR\Projects\RTOS\tarefas\ewarm\List\tarefas.map
#    Command line =
#        -f C:\Users\karac\AppData\Local\Temp\EWA206.tmp
#        (F:\00_Embedded_Systems\ES_UTFPR\Projects\RTOS\tarefas\ewarm\Obj\driverleds.o
#        F:\00_Embedded_Systems\ES_UTFPR\Projects\Aula1\driverlib\ewarm\Exe\driverlib.a
#        F:\00_Embedded_Systems\ES_UTFPR\CMSIS-5.6.0\CMSIS\RTOS2\RTX\Library\IAR\RTX_CM4F.a
#        F:\00_Embedded_Systems\ES_UTFPR\Projects\RTOS\tarefas\ewarm\Obj\RTX_Config.o
#        F:\00_Embedded_Systems\ES_UTFPR\Projects\RTOS\tarefas\ewarm\Obj\rtx_lib.o
#        F:\00_Embedded_Systems\ES_UTFPR\Projects\RTOS\tarefas\ewarm\Obj\startup_TM4C1294.o
#        F:\00_Embedded_Systems\ES_UTFPR\Projects\RTOS\tarefas\ewarm\Obj\system_TM4C1294_TW.o
#        F:\00_Embedded_Systems\ES_UTFPR\Projects\RTOS\tarefas\ewarm\Obj\tarefas.o
#        --no_out_extension -o
#        F:\00_Embedded_Systems\ES_UTFPR\Projects\RTOS\tarefas\ewarm\Exe\tarefas.out
#        --map
#        F:\00_Embedded_Systems\ES_UTFPR\Projects\RTOS\tarefas\ewarm\List\tarefas.map
#        --config "C:\Program Files (x86)\IAR Systems\Embedded Workbench
#        8.4\arm\config\linker\TexasInstruments\TM4C1294NC.icf" --semihosting
#        --entry __iar_program_start --vfe --text_out locale)
#
###############################################################################

*******************************************************************************
*** MESSAGES
***

Warning[Lt009]: Inconsistent wchar_t size
            gpio.o(driverlib.a) and 3 other objects in driverlib.a have wchar_t
                      size 16 bits
            driverleds.o and 27 other objects, some of them in RTX_CM4F.a and
                      14 other libraries have wchar_t size 32 bits


*******************************************************************************
*** RUNTIME MODEL ATTRIBUTES
***

CppFlavor       = *
__SystemLibrary = DLib
__dlib_version  = 6


*******************************************************************************
*** HEAP SELECTION
***

The basic heap was selected because some modules are built with
size limitations (and not runtime checking), and --advanced_heap
was not specified.


*******************************************************************************
*** PLACEMENT SUMMARY
***

"A0":  place at address 0x0 { ro section .intvec };
"P1":  place in [from 0x0 to 0xf'ffff] { ro };
define block CSTACK with size = 32K, alignment = 8 { };
define block HEAP with size = 64K, alignment = 8 { };
"P2":  place in [from 0x2000'0000 to 0x2003'ffff] {
          rw, block CSTACK, block HEAP };
initialize by copy { rw };

  Section               Kind         Address    Size  Object
  -------               ----         -------    ----  ------
"A0":                                          0x3c0
  .intvec               ro code          0x0   0x3c0  startup_TM4C1294.o [1]
                                     - 0x3c0   0x3c0

"P1":                                         0x1ef9
  .text                 ro code        0x3c0   0x600  rtx_thread.o [2]
  .text                 ro code        0x9c0    0xcc  rtx_mempool.o [2]
  .text                 ro code        0xa8c    0x7a  rtx_memory.o [2]
  .text                 ro code        0xb06    0x3a  zero_init3.o [5]
  .text                 ro code        0xb40     0x6  ABImemclr4.o [5]
  .text                 ro code        0xb46    0x42  rtx_memory.o [2]
  .text                 ro code        0xb88    0x42  rtx_mutex.o [2]
  .text                 ro code        0xbca    0x20  RTX_Config.o [1]
  .text                 ro code        0xbea     0x2  RTX_Config.o [1]
  .text                 ro code        0xbec    0x32  ABImemset48.o [5]
  .text                 ro code        0xc1e     0x2  startup_TM4C1294.o [1]
  .text                 ro code        0xc20   0x4f0  rtx_msgqueue.o [2]
  .text                 ro code       0x1110    0xa6  ABImemcpy.o [5]
  .text                 ro code       0x11b8     0x6  ABImemclr.o [5]
  .text                 ro code       0x11c0   0x16c  rtx_system.o [2]
  .text                 ro code       0x132c    0x5e  ABImemset.o [5]
  .text                 ro code       0x138c     0xc  os_systick.o [2]
  .text                 ro code       0x1398   0x4e0  sysctl.o [4]
  .text                 ro code       0x1878   0x270  rtx_kernel.o [2]
  .text                 ro code       0x1ae8    0x36  rtx_memory.o [2]
  .text                 ro code       0x1b20    0x40  os_systick.o [2]
  .text                 ro code       0x1b60     0x6  os_systick.o [2]
  .text                 ro code       0x1b68    0x2c  os_systick.o [2]
  .text                 ro code       0x1b94     0x2  rtx_lib.o [1]
  .text                 ro code       0x1b98   0x148  gpio.o [4]
  .text                 ro code       0x1ce0   0x13c  driverleds.o [1]
  .text                 ro code       0x1e1c    0xc8  rtx_timer.o [2]
  .text                 ro code       0x1ee4    0xc4  irq_cm4f.o [2]
  .text                 ro code       0x1fa8    0xc0  tarefas.o [1]
  .text                 ro code       0x2068    0x54  rtx_delay.o [2]
  .rodata               const         0x20bc    0x68  rtx_lib.o [1]
  .text                 ro code       0x2124    0x38  packbits_init_single.o [5]
  .text                 ro code       0x215c    0x2c  system_TM4C1294_TW.o [1]
  .text                 ro code       0x2188    0x28  data_init.o [5]
  .rodata               const         0x21b0    0x24  rtx_lib.o [1]
  .rodata               const         0x21d4    0x24  rtx_lib.o [1]
  .iar.init_table       const         0x21f8    0x20  - Linker created -
  .text                 ro code       0x2218    0x1e  cmain.o [5]
  .text                 ro code       0x2236     0x4  low_level_init.o [3]
  .text                 ro code       0x223a     0x4  exit.o [3]
  .text                 ro code       0x2240     0xa  cexit.o [5]
  .text                 ro code       0x224c    0x14  exit.o [6]
  .text                 ro code       0x2260    0x1c  cstartup_M.o [5]
  .text                 ro code       0x227c    0x14  startup_TM4C1294.o [1]
  .rodata               const         0x2290    0x18  rtx_lib.o [1]
  .rodata               const         0x22a8     0x4  rtx_lib.o [1]
  .rodata               const         0x22ac     0x0  zero_init3.o [5]
  .rodata               const         0x22ac     0x0  packbits_init_single.o [5]
  Initializer bytes     const         0x22ac     0xd  <for P2-1>
                                    - 0x22b9  0x1ef9

"P2", part 1 of 3:                              0xa4
  P2-1                           0x2000'0000    0xa4  <Init block>
    .data.os            inited   0x2000'0000    0xa4  rtx_kernel.o [2]
                               - 0x2000'00a4    0xa4

"P2", part 2 of 3:                            0x1364
  .bss.os               zero     0x2000'00a8  0x1000  rtx_lib.o [1]
  .bss.os.thread.stack  zero     0x2000'10a8   0x100  rtx_lib.o [1]
  .bss.os.thread.stack  zero     0x2000'11a8   0x100  rtx_lib.o [1]
  .bss.os.msgqueue.mem  zero     0x2000'12a8    0x50  rtx_lib.o [1]
  .bss.os.thread.cb     zero     0x2000'12f8    0x44  rtx_lib.o [1]
  .bss.os.thread.cb     zero     0x2000'133c    0x44  rtx_lib.o [1]
  .bss.os               zero     0x2000'1380    0x40  rtx_lib.o [1]
  .bss.os.msgqueue.cb   zero     0x2000'13c0    0x34  rtx_lib.o [1]
  .bss                  zero     0x2000'13f4     0x4  tarefas.o [1]
  .bss                  zero     0x2000'13f8     0x4  tarefas.o [1]
  .bss                  zero     0x2000'13fc     0x4  tarefas.o [1]
  .bss                  zero     0x2000'1400     0x4  tarefas.o [1]
  .bss                  zero     0x2000'1404     0x1  os_systick.o [2]
                               - 0x2000'1405  0x1361

"P2", part 3 of 3:                            0x8008
  .noinit               uninit   0x2000'1408     0x4  system_TM4C1294_TW.o [1]
  CSTACK                         0x2000'1410  0x8000  <Block>
    CSTACK              uninit   0x2000'1410  0x8000  <Block tail>
                               - 0x2000'9410  0x8008

Unused ranges:

         From           To      Size
         ----           --      ----
       0x22b9     0xf'ffff  0xf'dd47
  0x2000'9410  0x2003'ffff  0x3'6bf0


*******************************************************************************
*** INIT TABLE
***

          Address      Size
          -------      ----
Zero (__iar_zero_init3)
    1 destination range, total size 0x135d:
          0x2000'00a8  0x135d

Copy/packbits (__iar_packbits_init_single3)
    1 source range, total size 0xd (7% of destination):
               0x22ac     0xd
    1 destination range, total size 0xa4:
          0x2000'0000    0xa4



*******************************************************************************
*** MODULE SUMMARY
***

    Module                  ro code  ro data  rw data
    ------                  -------  -------  -------
command line/config:
    -------------------------------------------------
    Total:

F:\00_Embedded_Systems\ES_UTFPR\Projects\RTOS\tarefas\ewarm\Obj: [1]
    RTX_Config.o                 34
    driverleds.o                316
    rtx_lib.o                     2      204    4'940
    startup_TM4C1294.o          982
    system_TM4C1294_TW.o         44                 4
    tarefas.o                   192                16
    -------------------------------------------------
    Total:                    1'570      204    4'960

RTX_CM4F.a: [2]
    irq_cm4f.o                  196
    os_systick.o                126                 1
    rtx_delay.o                  84
    rtx_kernel.o                624       13      164
    rtx_memory.o                242
    rtx_mempool.o               204
    rtx_msgqueue.o            1'264
    rtx_mutex.o                  66
    rtx_system.o                364
    rtx_thread.o              1'536
    rtx_timer.o                 200
    -------------------------------------------------
    Total:                    4'906       13      165

dl7M_tln.a: [3]
    exit.o                        4
    low_level_init.o              4
    -------------------------------------------------
    Total:                        8

driverlib.a: [4]
    gpio.o                      328
    sysctl.o                  1'248
    -------------------------------------------------
    Total:                    1'576

rt7M_tl.a: [5]
    ABImemclr.o                   6
    ABImemclr4.o                  6
    ABImemcpy.o                 166
    ABImemset.o                  94
    ABImemset48.o                50
    cexit.o                      10
    cmain.o                      30
    cstartup_M.o                 28
    data_init.o                  40
    packbits_init_single.o       56
    zero_init3.o                 58
    -------------------------------------------------
    Total:                      544

shb_l.a: [6]
    exit.o                       20
    -------------------------------------------------
    Total:                       20

    Gaps                         16                 4
    Linker created                        32   32'768
-----------------------------------------------------
    Grand Total:              8'640      249   37'897


*******************************************************************************
*** ENTRY LIST
***

Entry                       Address    Size  Type      Object
-----                       -------    ----  ----      ------
.iar.init_table$$Base        0x21f8           --   Gb  - Linker created -
.iar.init_table$$Limit       0x2218           --   Gb  - Linker created -
?main                        0x2219          Code  Gb  cmain.o [5]
CSTACK$$Base            0x2000'1410           --   Gb  - Linker created -
CSTACK$$Limit           0x2000'9410           --   Gb  - Linker created -
GPIODirModeSet               0x1b99    0x28  Code  Gb  gpio.o [4]
GPIOPadConfigSet             0x1bc1    0xfe  Code  Gb  gpio.o [4]
GPIOPinTypeGPIOOutput        0x1cc5     0xa  Code  Gb  gpio.o [4]
GPIOPinWrite                 0x1cbf     0x6  Code  Gb  gpio.o [4]
LEDInit                      0x1ce1    0xc6  Code  Gb  driverleds.o [1]
LEDWrite                     0x1da7    0x64  Code  Gb  driverleds.o [1]
MessageQueueGet               0xc6d    0x40  Code  Lc  rtx_msgqueue.o [2]
MessageQueuePut               0xc21    0x4a  Code  Lc  rtx_msgqueue.o [2]
MessageQueueRemove            0xcad    0x1a  Code  Lc  rtx_msgqueue.o [2]
MyThread                     0x1fa9    0x26  Code  Gb  tarefas.o [1]
OS_Tick_AcknowledgeIRQ       0x138d     0xc  Code  Wk  os_systick.o [2]
OS_Tick_Enable               0x1b69    0x2c  Code  Wk  os_systick.o [2]
OS_Tick_GetIRQn              0x1b61     0x6  Code  Wk  os_systick.o [2]
OS_Tick_Setup                0x1b21    0x40  Code  Wk  os_systick.o [2]
PendST                  0x2000'1404     0x1  Data  Lc  os_systick.o [2]
PendSV_Handler               0x1f7d          Code  Gb  irq_cm4f.o [2]
Region$$Table$$Base          0x21f8           --   Gb  - Linker created -
Region$$Table$$Limit         0x2218           --   Gb  - Linker created -
SVC_Handler                  0x1ee5          Code  Gb  irq_cm4f.o [2]
SysCtlClockFreqSet           0x13f5   0x204  Code  Gb  sysctl.o [4]
SysCtlPeripheralEnable       0x13d9     0x8  Code  Gb  sysctl.o [4]
SysCtlPeripheralReady        0x13b9     0x8  Code  Gb  sysctl.o [4]
SysTick_Handler              0x1f8d          Code  Gb  irq_cm4f.o [2]
SystemCoreClock         0x2000'1408     0x4  Data  Gb  system_TM4C1294_TW.o [1]
SystemInit                   0x215d    0x1a  Code  Gb  system_TM4C1294_TW.o [1]
ThreadFlagsCheck              0x3c1    0x6c  Code  Lc  rtx_thread.o [2]
TimerInsert                  0x1e1d    0x36  Code  Lc  rtx_timer.o [2]
_SysCtlMemTimingGet          0x1399    0x20  Code  Lc  sysctl.o [4]
__Vectors                       0x0           --   Gb  startup_TM4C1294.o [1]
__Vectors_End                 0x3c0          Data  Gb  startup_TM4C1294.o [1]
__Vectors_Size {Abs}          0x3c0           --   Gb  startup_TM4C1294.o [1]
__aeabi_memclr               0x11b9          Code  Gb  ABImemclr.o [5]
__aeabi_memclr4               0xb41          Code  Gb  ABImemclr4.o [5]
__aeabi_memcpy               0x1111          Code  Gb  ABImemcpy.o [5]
__aeabi_memcpy4              0x1131          Code  Gb  ABImemcpy.o [5]
__aeabi_memcpy8              0x1131          Code  Gb  ABImemcpy.o [5]
__cmain                      0x2219          Code  Gb  cmain.o [5]
__exit                       0x224d    0x14  Code  Gb  exit.o [6]
__iar_Memset4_word            0xbed          Code  Gb  ABImemset48.o [5]
__iar_Memset8_word            0xbed          Code  Gb  ABImemset48.o [5]
__iar_Memset_word            0x132d          Code  Gb  ABImemset.o [5]
__iar_data_init3             0x2189    0x28  Code  Gb  data_init.o [5]
__iar_init_vfp               0x2285          Code  Wk  startup_TM4C1294.o [1]
__iar_packbits_init_single3
                             0x2125    0x38  Code  Gb  packbits_init_single.o [5]
__iar_program_start          0x2261          Code  Gb  cstartup_M.o [5]
__iar_zero_init3              0xb07    0x3a  Code  Gb  zero_init3.o [5]
__low_level_init             0x2237     0x4  Code  Gb  low_level_init.o [3]
__vector_table                  0x0          Data  Gb  startup_TM4C1294.o [1]
__vector_table_0x1c            0x1c          Data  Gb  startup_TM4C1294.o [1]
_call_main                   0x2225          Code  Gb  cmain.o [5]
_exit                        0x2241          Code  Gb  cexit.o [5]
_main                        0x222f          Code  Gb  cmain.o [5]
exit                         0x223b     0x4  Code  Gb  exit.o [3]
g_pppui32XTALtoVCO           0x1690   0x1b0  Data  Lc  sysctl.o [4]
g_pui32VCOFrequencies        0x1870     0x8  Data  Lc  sysctl.o [4]
g_pui32Xtals                 0x1624    0x6c  Data  Lc  sysctl.o [4]
g_sXTALtoMEMTIM              0x1840    0x30  Data  Lc  sysctl.o [4]
main                         0x1fcf    0x84  Code  Gb  tarefas.o [1]
osDelayUntil                 0x208d    0x20  Code  Gb  rtx_delay.o [2]
osKernelGetState             0x1a3d    0x30  Code  Gb  rtx_kernel.o [2]
osKernelGetTickCount         0x1a95    0x20  Code  Gb  rtx_kernel.o [2]
osKernelInitialize           0x1a11    0x2a  Code  Gb  rtx_kernel.o [2]
osKernelStart                0x1a6d    0x20  Code  Gb  rtx_kernel.o [2]
osMessageQueueGet            0x108d    0x5a  Code  Gb  rtx_msgqueue.o [2]
osMessageQueueNew            0x1005    0x22  Code  Gb  rtx_msgqueue.o [2]
osMessageQueuePut            0x1029    0x62  Code  Gb  rtx_msgqueue.o [2]
osRtxConfig                  0x20bc    0x68  Data  Gb  rtx_lib.o [1]
osRtxErrorNotify              0xbcb    0x20  Code  Wk  RTX_Config.o [1]
osRtxIdleThread               0xbeb     0x2  Code  Wk  RTX_Config.o [1]
osRtxInfo               0x2000'0000    0xa4  Data  Gb  rtx_kernel.o [2]
osRtxKernelPreInit           0x1b95     0x2  Code  Gb  rtx_lib.o [1]
osRtxMemoryAlloc              0xa8d    0x7a  Code  Wk  rtx_memory.o [2]
osRtxMemoryFree               0xb47    0x42  Code  Wk  rtx_memory.o [2]
osRtxMemoryInit              0x1ae9    0x36  Code  Wk  rtx_memory.o [2]
osRtxMemoryPoolAlloc          0xa05    0x3a  Code  Gb  rtx_mempool.o [2]
osRtxMemoryPoolFree           0xa41    0x4c  Code  Gb  rtx_mempool.o [2]
osRtxMemoryPoolInit           0x9c1    0x42  Code  Gb  rtx_mempool.o [2]
osRtxMessageQueuePostProcess
                              0xcc7    0xba  Code  Lc  rtx_msgqueue.o [2]
osRtxMutexOwnerRelease        0xb89    0x42  Code  Gb  rtx_mutex.o [2]
osRtxPendSV_Handler          0x1229    0x8a  Code  Gb  rtx_system.o [2]
osRtxPostProcess             0x12b5    0x6e  Code  Gb  rtx_system.o [2]
osRtxThreadBlock              0x573    0x2e  Code  Lc  rtx_thread.o [2]
osRtxThreadDelayInsert        0x481    0x62  Code  Lc  rtx_thread.o [2]
osRtxThreadDelayRemove        0x4e3    0x44  Code  Lc  rtx_thread.o [2]
osRtxThreadDelayTick          0x527    0x38  Code  Gb  rtx_thread.o [2]
osRtxThreadDispatch           0x5af    0x60  Code  Gb  rtx_thread.o [2]
osRtxThreadFree               0x83f    0x56  Code  Lc  rtx_thread.o [2]
osRtxThreadListGet            0x44f    0x14  Code  Gb  rtx_thread.o [2]
osRtxThreadListPut            0x42d    0x22  Code  Gb  rtx_thread.o [2]
osRtxThreadListRemove         0x463    0x16  Code  Gb  rtx_thread.o [2]
osRtxThreadPostProcess        0x671    0x36  Code  Lc  rtx_thread.o [2]
osRtxThreadReadyPut           0x479     0x8  Code  Gb  rtx_thread.o [2]
osRtxThreadRegPtr             0x55f    0x14  Code  Gb  rtx_thread.o [2]
osRtxThreadStartup            0x90f    0x32  Code  Gb  rtx_thread.o [2]
osRtxThreadSwitch             0x5a1     0xe  Code  Gb  rtx_thread.o [2]
osRtxThreadWaitEnter          0x63d    0x34  Code  Gb  rtx_thread.o [2]
osRtxThreadWaitExit           0x60f    0x28  Code  Gb  rtx_thread.o [2]
osRtxTick_Handler            0x11c1    0x68  Code  Gb  rtx_system.o [2]
osRtxTimerThread             0x1ea9    0x3c  Code  Wk  rtx_timer.o [2]
osRtxTimerTick               0x1e53    0x52  Code  Lc  rtx_timer.o [2]
osRtxUserSVC                 0x22a8     0x4  Data  Wk  rtx_lib.o [1]
osThreadExit                  0x96d     0x8  Code  Gb  rtx_thread.o [2]
osThreadNew                   0x945    0x22  Code  Gb  rtx_thread.o [2]
os_idle_thread_attr          0x21b0    0x24  Data  Lc  rtx_lib.o [1]
os_idle_thread_cb       0x2000'12f8    0x44  Data  Lc  rtx_lib.o [1]
os_idle_thread_stack    0x2000'10a8   0x100  Data  Lc  rtx_lib.o [1]
os_isr_queue            0x2000'1380    0x40  Data  Lc  rtx_lib.o [1]
os_mem                  0x2000'00a8  0x1000  Data  Lc  rtx_lib.o [1]
os_timer_mq_attr             0x2290    0x18  Data  Lc  rtx_lib.o [1]
os_timer_mq_cb          0x2000'13c0    0x34  Data  Lc  rtx_lib.o [1]
os_timer_mq_data        0x2000'12a8    0x50  Data  Lc  rtx_lib.o [1]
os_timer_thread_attr         0x21d4    0x24  Data  Lc  rtx_lib.o [1]
os_timer_thread_cb      0x2000'133c    0x44  Data  Lc  rtx_lib.o [1]
os_timer_thread_stack   0x2000'11a8   0x100  Data  Lc  rtx_lib.o [1]
svcRtxDelayUntil             0x2069    0x22  Code  Lc  rtx_delay.o [2]
svcRtxKernelGetState         0x1981     0x2  Code  Lc  rtx_kernel.o [2]
svcRtxKernelGetTickCount
                             0x1a0f     0x2  Code  Lc  rtx_kernel.o [2]
svcRtxKernelInitialize       0x1879   0x108  Code  Lc  rtx_kernel.o [2]
svcRtxKernelStart            0x198b    0x84  Code  Lc  rtx_kernel.o [2]
svcRtxMessageQueueGet         0xf29    0xbc  Code  Lc  rtx_msgqueue.o [2]
svcRtxMessageQueueNew         0xd81   0x108  Code  Lc  rtx_msgqueue.o [2]
svcRtxMessageQueuePut         0xe89    0xa0  Code  Lc  rtx_msgqueue.o [2]
svcRtxThreadExit              0x895    0x7a  Code  Lc  rtx_thread.o [2]
svcRtxThreadNew               0x6a7   0x192  Code  Lc  rtx_thread.o [2]
thread1_id              0x2000'13f4     0x4  Data  Gb  tarefas.o [1]
thread2_id              0x2000'13f8     0x4  Data  Gb  tarefas.o [1]
thread3_id              0x2000'13fc     0x4  Data  Gb  tarefas.o [1]
thread4_id              0x2000'1400     0x4  Data  Gb  tarefas.o [1]


[1] = F:\00_Embedded_Systems\ES_UTFPR\Projects\RTOS\tarefas\ewarm\Obj
[2] = RTX_CM4F.a
[3] = dl7M_tln.a
[4] = driverlib.a
[5] = rt7M_tl.a
[6] = shb_l.a

   8'640 bytes of readonly  code memory
     249 bytes of readonly  data memory
  37'897 bytes of readwrite data memory

Errors: none
Warnings: 1
