###############################################################################
#
# IAR ELF Linker V8.50.9.278/W32 for ARM                  09/Apr/2021  09:52:05
# Copyright 2007-2020 IAR Systems AB.
#
#    Output file  =
#        F:\00_Embedded_Systems\ES_UTFPR\Projects\fsm_matrix\Debug\Exe\fsm_matrix.out
#    Map file     =
#        F:\00_Embedded_Systems\ES_UTFPR\Projects\fsm_matrix\Debug\List\fsm_matrix.map
#    Command line =
#        -f C:\Users\karac\AppData\Local\Temp\EW2937.tmp
#        (F:\00_Embedded_Systems\ES_UTFPR\Projects\fsm_matrix\Debug\Obj\driverbuttons.o
#        F:\00_Embedded_Systems\ES_UTFPR\Projects\fsm_matrix\Debug\Obj\driverleds.o
#        F:\00_Embedded_Systems\ES_UTFPR\TivaWare_C_Series-2.1.4.178\driverlib\ewarm\Exe\driverlib.a
#        F:\00_Embedded_Systems\ES_UTFPR\Projects\fsm_matrix\Debug\Obj\fsm_matrix.o
#        F:\00_Embedded_Systems\ES_UTFPR\Projects\fsm_matrix\Debug\Obj\startup_TM4C1294.o
#        F:\00_Embedded_Systems\ES_UTFPR\Projects\fsm_matrix\Debug\Obj\system_TM4C1294_TW.o
#        --no_out_extension -o
#        F:\00_Embedded_Systems\ES_UTFPR\Projects\fsm_matrix\Debug\Exe\fsm_matrix.out
#        --redirect _Printf=_PrintfFullNoMb --redirect _Scanf=_ScanfFullNoMb
#        --map
#        F:\00_Embedded_Systems\ES_UTFPR\Projects\fsm_matrix\Debug\List\fsm_matrix.map
#        --config "C:\Program Files (x86)\IAR Systems\Embedded Workbench
#        8.4\arm\config\linker\TexasInstruments\TM4C1294NC.icf" --semihosting
#        --entry __iar_program_start --vfe --text_out locale)
#
###############################################################################

*******************************************************************************
*** MESSAGES
***

Warning[Lt009]: Inconsistent wchar_t size
            gpio.o(driverlib.a) and 4 other objects in driverlib.a have wchar_t
                      size 16 bits
            driverbuttons.o and 16 other objects, some of them in dl7M_tln.a
                      and 11 other libraries have wchar_t size 32 bits


*******************************************************************************
*** RUNTIME MODEL ATTRIBUTES
***

CppFlavor       = *
__SystemLibrary = DLib
__dlib_version  = 6


*******************************************************************************
*** HEAP SELECTION
***

The basic heap was selected because some modules are built with
size limitations (and not runtime checking), and --advanced_heap
was not specified.


*******************************************************************************
*** PLACEMENT SUMMARY
***

"A0":  place at address 0x0 { ro section .intvec };
"P1":  place in [from 0x0 to 0xf'ffff] { ro };
define block CSTACK with size = 32K, alignment = 8 { };
define block HEAP with size = 64K, alignment = 8 { };
"P2":  place in [from 0x2000'0000 to 0x2003'ffff] {
          rw, block CSTACK, block HEAP };

  Section          Kind         Address    Size  Object
  -------          ----         -------    ----  ------
"A0":                                     0x3c0
  .intvec          ro code          0x0   0x3c0  startup_TM4C1294.o [1]
                                - 0x3c0   0x3c0

"P1":                                     0xc8c
  .text            ro code        0x3c0   0x4e0  sysctl.o [3]
  .text            ro code        0x8a0   0x1d8  gpio.o [3]
  .text            ro code        0xa78   0x154  driverleds.o [1]
  .text            ro code        0xbcc    0xec  fsm_matrix.o [1]
  .text            ro code        0xcb8    0xe0  driverbuttons.o [1]
  .text            ro code        0xd98    0x86  ABImemcpy.o [4]
  .text            ro code        0xe1e    0x3a  zero_init3.o [4]
  .text            ro code        0xe58    0x28  systick.o [3]
  .text            ro code        0xe80    0xdc  interrupt.o [3]
  .text            ro code        0xf5c    0x28  data_init.o [4]
  .iar.init_table  const          0xf84    0x10  - Linker created -
  .rodata          const          0xf94    0x20  fsm_matrix.o [1]
  .text            ro code        0xfb4    0x20  system_TM4C1294_TW.o [1]
  .text            ro code        0xfd4    0x1e  cmain.o [4]
  .text            ro code        0xff2     0x4  low_level_init.o [2]
  .text            ro code        0xff6     0x4  exit.o [2]
  .text            ro code        0xffa     0x2  startup_TM4C1294.o [1]
  .text            ro code        0xffc     0xa  cexit.o [4]
  .text            ro code       0x1008    0x14  exit.o [5]
  .text            ro code       0x101c    0x1c  cstartup_M.o [4]
  .text            ro code       0x1038    0x14  startup_TM4C1294.o [1]
  .rodata          const         0x104c     0x0  zero_init3.o [4]
                               - 0x104c   0xc8c

"P2", part 1 of 2:                          0x4
  .bss             zero     0x2000'0000     0x1  fsm_matrix.o [1]
  .bss             zero     0x2000'0001     0x1  fsm_matrix.o [1]
                          - 0x2000'0002     0x2

"P2", part 2 of 2:                       0x8004
  .noinit          uninit   0x2000'0004     0x4  system_TM4C1294_TW.o [1]
  CSTACK                    0x2000'0008  0x8000  <Block>
    CSTACK         uninit   0x2000'0008  0x8000  <Block tail>
                          - 0x2000'8008  0x8004

Unused ranges:

         From           To      Size
         ----           --      ----
       0x104c     0xf'ffff  0xf'efb4
  0x2000'8008  0x2003'ffff  0x3'7ff8


*******************************************************************************
*** INIT TABLE
***

          Address      Size
          -------      ----
Zero (__iar_zero_init3)
    1 destination range, total size 0x2:
          0x2000'0000   0x2



*******************************************************************************
*** MODULE SUMMARY
***

    Module                ro code  ro data  rw data
    ------                -------  -------  -------
command line/config:
    -----------------------------------------------
    Total:

F:\00_Embedded_Systems\ES_UTFPR\Projects\fsm_matrix\Debug\Obj: [1]
    driverbuttons.o           224
    driverleds.o              340
    fsm_matrix.o              236       32        2
    startup_TM4C1294.o        982
    system_TM4C1294_TW.o       32                 4
    -----------------------------------------------
    Total:                  1'814       32        6

dl7M_tln.a: [2]
    exit.o                      4
    low_level_init.o            4
    -----------------------------------------------
    Total:                      8

driverlib.a: [3]
    gpio.o                    472
    interrupt.o               220
    sysctl.o                1'248
    systick.o                  40
    -----------------------------------------------
    Total:                  1'980

rt7M_tl.a: [4]
    ABImemcpy.o               134
    cexit.o                    10
    cmain.o                    30
    cstartup_M.o               28
    data_init.o                40
    zero_init3.o               58
    -----------------------------------------------
    Total:                    300

shb_l.a: [5]
    exit.o                     20
    -----------------------------------------------
    Total:                     20

    Gaps                        2
    Linker created                      16   32'768
---------------------------------------------------
    Grand Total:            4'124       48   32'774


*******************************************************************************
*** ENTRY LIST
***

Entry                       Address   Size  Type      Object
-----                       -------   ----  ----      ------
.iar.init_table$$Base         0xf84          --   Gb  - Linker created -
.iar.init_table$$Limit        0xf94          --   Gb  - Linker created -
?main                         0xfd5         Code  Gb  cmain.o [4]
ButtonInit                    0xcb9   0x4c  Code  Gb  driverbuttons.o [1]
ButtonIntClear                0xd71   0x1e  Code  Gb  driverbuttons.o [1]
ButtonIntDisable              0xd47   0x2a  Code  Gb  driverbuttons.o [1]
ButtonIntEnable               0xd05   0x42  Code  Gb  driverbuttons.o [1]
CSTACK$$Base            0x2000'0008          --   Gb  - Linker created -
CSTACK$$Limit           0x2000'8008          --   Gb  - Linker created -
Evento                  0x2000'0000    0x1  Data  Gb  fsm_matrix.o [1]
GPIODirModeSet                0x8a1   0x28  Code  Gb  gpio.o [3]
GPIOIntClear                  0xa1f    0x6  Code  Gb  gpio.o [3]
GPIOIntDisable                0xa19    0x6  Code  Gb  gpio.o [3]
GPIOIntEnable                 0xa13    0x6  Code  Gb  gpio.o [3]
GPIOIntTypeSet                0x8c9   0x4c  Code  Gb  gpio.o [3]
GPIOJ_Handler                 0xbdd   0x10  Code  Gb  fsm_matrix.o [1]
GPIOPadConfigSet              0x915   0xfe  Code  Gb  gpio.o [3]
GPIOPinTypeGPIOInput          0xa2f   0x14  Code  Gb  gpio.o [3]
GPIOPinTypeGPIOOutput         0xa43    0xa  Code  Gb  gpio.o [3]
GPIOPinWrite                  0xa25    0x6  Code  Gb  gpio.o [3]
IntDisable                    0xed7   0x56  Code  Gb  interrupt.o [3]
IntEnable                     0xe81   0x56  Code  Gb  interrupt.o [3]
LEDInit                       0xa79   0xc6  Code  Gb  driverleds.o [1]
LEDOff                        0xb7d   0x3e  Code  Gb  driverleds.o [1]
LEDOn                         0xb3f   0x3e  Code  Gb  driverleds.o [1]
Region$$Table$$Base           0xf84          --   Gb  - Linker created -
Region$$Table$$Limit          0xf94          --   Gb  - Linker created -
SysCtlClockFreqSet            0x41d  0x204  Code  Gb  sysctl.o [3]
SysCtlPeripheralEnable        0x401    0x8  Code  Gb  sysctl.o [3]
SysCtlPeripheralReady         0x3e1    0x8  Code  Gb  sysctl.o [3]
SysTickEnable                 0xe59    0xc  Code  Gb  systick.o [3]
SysTickIntEnable              0xe65    0xc  Code  Gb  systick.o [3]
SysTickPeriodSet              0xe71    0x8  Code  Gb  systick.o [3]
SysTick_Handler               0xbcd   0x10  Code  Gb  fsm_matrix.o [1]
SystemCoreClock         0x2000'0004    0x4  Data  Gb  system_TM4C1294_TW.o [1]
SystemInit                    0xfb5   0x10  Code  Gb  system_TM4C1294_TW.o [1]
_SysCtlMemTimingGet           0x3c1   0x20  Code  Lc  sysctl.o [3]
__Vectors                       0x0          --   Gb  startup_TM4C1294.o [1]
__Vectors_End                 0x3c0         Data  Gb  startup_TM4C1294.o [1]
__Vectors_Size {Abs}          0x3c0          --   Gb  startup_TM4C1294.o [1]
__aeabi_memcpy4               0xd99         Code  Gb  ABImemcpy.o [4]
__aeabi_memcpy8               0xd99         Code  Gb  ABImemcpy.o [4]
__cmain                       0xfd5         Code  Gb  cmain.o [4]
__exit                       0x1009   0x14  Code  Gb  exit.o [5]
__iar_data_init3              0xf5d   0x28  Code  Gb  data_init.o [4]
__iar_init_vfp               0x1041         Code  Wk  startup_TM4C1294.o [1]
__iar_program_start          0x101d         Code  Gb  cstartup_M.o [4]
__iar_zero_init3              0xe1f   0x3a  Code  Gb  zero_init3.o [4]
__low_level_init              0xff3    0x4  Code  Gb  low_level_init.o [2]
__vector_table                  0x0         Data  Gb  startup_TM4C1294.o [1]
__vector_table_0x1c            0x1c         Data  Gb  startup_TM4C1294.o [1]
_call_main                    0xfe1         Code  Gb  cmain.o [4]
_exit                         0xffd         Code  Gb  cexit.o [4]
_main                         0xfeb         Code  Gb  cmain.o [4]
exit                          0xff7    0x4  Code  Gb  exit.o [2]
f_LED1_Acende_Botao           0xc11    0xc  Code  Gb  fsm_matrix.o [1]
f_LED1_Acende_Tempo           0xbf9    0xc  Code  Gb  fsm_matrix.o [1]
f_LED1_Apaga_Botao            0xc05    0xc  Code  Gb  fsm_matrix.o [1]
f_LED1_Apaga_Tempo            0xbed    0xc  Code  Gb  fsm_matrix.o [1]
f_LED2_Acende_Botao           0xc41    0xc  Code  Gb  fsm_matrix.o [1]
f_LED2_Acende_Tempo           0xc29    0xc  Code  Gb  fsm_matrix.o [1]
f_LED2_Apaga_Botao            0xc35    0xc  Code  Gb  fsm_matrix.o [1]
f_LED2_Apaga_Tempo            0xc1d    0xc  Code  Gb  fsm_matrix.o [1]
g_pppui32XTALtoVCO            0x6b8  0x1b0  Data  Lc  sysctl.o [3]
g_pui32Dii16Regs              0xf48   0x14  Data  Lc  interrupt.o [3]
g_pui32EnRegs                 0xf34   0x14  Data  Lc  interrupt.o [3]
g_pui32VCOFrequencies         0x898    0x8  Data  Lc  sysctl.o [3]
g_pui32Xtals                  0x64c   0x6c  Data  Lc  sysctl.o [3]
g_sXTALtoMEMTIM               0x868   0x30  Data  Lc  sysctl.o [3]
main                          0xc4d   0x5c  Code  Gb  fsm_matrix.o [1]
main::Estado            0x2000'0001    0x1  Data  Lc  fsm_matrix.o [1]


[1] = F:\00_Embedded_Systems\ES_UTFPR\Projects\fsm_matrix\Debug\Obj
[2] = dl7M_tln.a
[3] = driverlib.a
[4] = rt7M_tl.a
[5] = shb_l.a

   4'124 bytes of readonly  code memory
      48 bytes of readonly  data memory
  32'774 bytes of readwrite data memory

Errors: none
Warnings: 1
