###############################################################################
#
# IAR ELF Linker V8.50.9.278/W32 for ARM                  04/Mar/2021  21:31:23
# Copyright 2007-2020 IAR Systems AB.
#
#    Output file  =
#        F:\Projetos_SE\Clone_Prof_aula1\EK-TM4C1294_IAR8\Projects\simple_io_process_sp\Debug\Exe\simple_io_process_sp.out
#    Map file     =
#        F:\Projetos_SE\Clone_Prof_aula1\EK-TM4C1294_IAR8\Projects\simple_io_process_sp\Debug\List\simple_io_process_sp.map
#    Command line =
#        -f C:\Users\karac\AppData\Local\Temp\EW7985.tmp
#        (F:\Projetos_SE\Clone_Prof_aula1\EK-TM4C1294_IAR8\TivaWare_C_Series-2.1.4.178\driverlib\ewarm\Exe\driverlib.a
#        F:\Projetos_SE\Clone_Prof_aula1\EK-TM4C1294_IAR8\Projects\simple_io_process_sp\Debug\Obj\simple_io_process_sp.o
#        F:\Projetos_SE\Clone_Prof_aula1\EK-TM4C1294_IAR8\Projects\simple_io_process_sp\Debug\Obj\startup_TM4C1294.o
#        F:\Projetos_SE\Clone_Prof_aula1\EK-TM4C1294_IAR8\Projects\simple_io_process_sp\Debug\Obj\system_TM4C1294_TW.o
#        --no_out_extension -o
#        F:\Projetos_SE\Clone_Prof_aula1\EK-TM4C1294_IAR8\Projects\simple_io_process_sp\Debug\Exe\simple_io_process_sp.out
#        --map
#        F:\Projetos_SE\Clone_Prof_aula1\EK-TM4C1294_IAR8\Projects\simple_io_process_sp\Debug\List\simple_io_process_sp.map
#        --config "C:\Program Files (x86)\IAR Systems\Embedded Workbench
#        8.4\arm\config\linker\TexasInstruments\TM4C1294NC.icf" --semihosting
#        --entry __iar_program_start --vfe --text_out locale)
#
###############################################################################

*******************************************************************************
*** MESSAGES
***

Warning[Lt009]: Inconsistent wchar_t size
            gpio.o(driverlib.a) and 4 other objects in driverlib.a have wchar_t
                      size 16 bits
            simple_io_process_sp.o and 14 other objects, some of them in
                      dl7M_tln.a and 11 other libraries have wchar_t size 32
                      bits


*******************************************************************************
*** RUNTIME MODEL ATTRIBUTES
***

CppFlavor       = *
__SystemLibrary = DLib
__dlib_version  = 6


*******************************************************************************
*** HEAP SELECTION
***

The basic heap was selected because some modules are built with
size limitations (and not runtime checking), and --advanced_heap
was not specified.


*******************************************************************************
*** PLACEMENT SUMMARY
***

"A0":  place at address 0x0 { ro section .intvec };
"P1":  place in [from 0x0 to 0xf'ffff] { ro };
define block CSTACK with size = 32K, alignment = 8 { };
define block HEAP with size = 64K, alignment = 8 { };
"P2":  place in [from 0x2000'0000 to 0x2003'ffff] {
          rw, block CSTACK, block HEAP };

  Section          Kind         Address    Size  Object
  -------          ----         -------    ----  ------
"A0":                                     0x3c0
  .intvec          ro code          0x0   0x3c0  startup_TM4C1294.o [1]
                                - 0x3c0   0x3c0

"P1":                                     0x8d0
  .text            ro code        0x3c0   0x4e0  sysctl.o [3]
  .text            ro code        0x8a0   0x16e  gpio.o [3]
  .text            ro code        0xa0e    0x3a  zero_init3.o [4]
  .text            ro code        0xa48   0x128  simple_io_process_sp.o [1]
  .text            ro code        0xb70    0x28  systick.o [3]
  .text            ro code        0xb98    0x30  startup_TM4C1294.o [1]
  .text            ro code        0xbc8    0x2c  system_TM4C1294_TW.o [1]
  .text            ro code        0xbf4    0x28  data_init.o [4]
  .iar.init_table  const          0xc1c    0x10  - Linker created -
  .text            ro code        0xc2c    0x1e  cmain.o [4]
  .text            ro code        0xc4a     0x4  low_level_init.o [2]
  .text            ro code        0xc4e     0x4  exit.o [2]
  .text            ro code        0xc52     0x2  startup_TM4C1294.o [1]
  .text            ro code        0xc54     0xa  cexit.o [4]
  .text            ro code        0xc60    0x14  exit.o [5]
  .text            ro code        0xc74    0x1c  cstartup_M.o [4]
  .rodata          const          0xc90     0x0  zero_init3.o [4]
                                - 0xc90   0x8d0

"P2", part 1 of 2:                          0x4
  .bss             zero     0x2000'0000     0x1  simple_io_process_sp.o [1]
                          - 0x2000'0001     0x1

"P2", part 2 of 2:                       0x8004
  .noinit          uninit   0x2000'0004     0x4  system_TM4C1294_TW.o [1]
  CSTACK                    0x2000'0008  0x8000  <Block>
    CSTACK         uninit   0x2000'0008  0x8000  <Block tail>
                          - 0x2000'8008  0x8004

Unused ranges:

         From           To      Size
         ----           --      ----
        0xc90     0xf'ffff  0xf'f370
  0x2000'8008  0x2003'ffff  0x3'7ff8


*******************************************************************************
*** INIT TABLE
***

          Address      Size
          -------      ----
Zero (__iar_zero_init3)
    1 destination range, total size 0x1:
          0x2000'0000   0x1



*******************************************************************************
*** MODULE SUMMARY
***

    Module                  ro code  ro data  rw data
    ------                  -------  -------  -------
command line/config:
    -------------------------------------------------
    Total:

F:\Projetos_SE\Clone_Prof_aula1\EK-TM4C1294_IAR8\Projects\simple_io_process_sp\Debug\Obj: [1]
    simple_io_process_sp.o      296                 1
    startup_TM4C1294.o        1'010
    system_TM4C1294_TW.o         44                 4
    -------------------------------------------------
    Total:                    1'350                 5

dl7M_tln.a: [2]
    exit.o                        4
    low_level_init.o              4
    -------------------------------------------------
    Total:                        8

driverlib.a: [3]
    gpio.o                      366
    sysctl.o                  1'248
    systick.o                    40
    -------------------------------------------------
    Total:                    1'654

rt7M_tl.a: [4]
    cexit.o                      10
    cmain.o                      30
    cstartup_M.o                 28
    data_init.o                  40
    zero_init3.o                 58
    -------------------------------------------------
    Total:                      166

shb_l.a: [5]
    exit.o                       20
    -------------------------------------------------
    Total:                       20

    Gaps                          2
    Linker created                        16   32'768
-----------------------------------------------------
    Grand Total:              3'200       16   32'773


*******************************************************************************
*** ENTRY LIST
***

Entry                       Address   Size  Type      Object
-----                       -------   ----  ----      ------
.iar.init_table$$Base         0xc1c          --   Gb  - Linker created -
.iar.init_table$$Limit        0xc2c          --   Gb  - Linker created -
?main                         0xc2d         Code  Gb  cmain.o [4]
CSTACK$$Base            0x2000'0008          --   Gb  - Linker created -
CSTACK$$Limit           0x2000'8008          --   Gb  - Linker created -
GPIODirModeSet                0x8a1   0x28  Code  Gb  gpio.o [3]
GPIOPadConfigSet              0x8c9   0xfe  Code  Gb  gpio.o [3]
GPIOPinRead                   0x9c7    0x6  Code  Gb  gpio.o [3]
GPIOPinTypeGPIOInput          0x9d7   0x14  Code  Gb  gpio.o [3]
GPIOPinTypeGPIOOutput         0x9eb    0xa  Code  Gb  gpio.o [3]
GPIOPinWrite                  0x9cd    0x6  Code  Gb  gpio.o [3]
LED_D1                  0x2000'0000    0x1  Data  Gb  simple_io_process_sp.o [1]
Region$$Table$$Base           0xc1c          --   Gb  - Linker created -
Region$$Table$$Limit          0xc2c          --   Gb  - Linker created -
SysCtlClockFreqSet            0x41d  0x204  Code  Gb  sysctl.o [3]
SysCtlPeripheralEnable        0x401    0x8  Code  Gb  sysctl.o [3]
SysCtlPeripheralReady         0x3e1    0x8  Code  Gb  sysctl.o [3]
SysTickEnable                 0xb71    0xc  Code  Gb  systick.o [3]
SysTickIntEnable              0xb7d    0xc  Code  Gb  systick.o [3]
SysTickPeriodSet              0xb89    0x8  Code  Gb  systick.o [3]
SysTick_Handler               0xa49   0x18  Code  Gb  simple_io_process_sp.o [1]
SystemCoreClock         0x2000'0004    0x4  Data  Gb  system_TM4C1294_TW.o [1]
SystemInit                    0xbc9   0x1a  Code  Gb  system_TM4C1294_TW.o [1]
_SysCtlMemTimingGet           0x3c1   0x20  Code  Lc  sysctl.o [3]
__Vectors                       0x0          --   Gb  startup_TM4C1294.o [1]
__Vectors_End                 0x3c0         Data  Gb  startup_TM4C1294.o [1]
__Vectors_Size {Abs}          0x3c0          --   Gb  startup_TM4C1294.o [1]
__cmain                       0xc2d         Code  Gb  cmain.o [4]
__exit                        0xc61   0x14  Code  Gb  exit.o [5]
__iar_data_init3              0xbf5   0x28  Code  Gb  data_init.o [4]
__iar_init_vfp                0xbbd         Code  Wk  startup_TM4C1294.o [1]
__iar_program_start           0xc75         Code  Gb  cstartup_M.o [4]
__iar_zero_init3              0xa0f   0x3a  Code  Gb  zero_init3.o [4]
__low_level_init              0xc4b    0x4  Code  Gb  low_level_init.o [2]
__vector_table                  0x0         Data  Gb  startup_TM4C1294.o [1]
__vector_table_0x1c            0x1c         Data  Gb  startup_TM4C1294.o [1]
_call_main                    0xc39         Code  Gb  cmain.o [4]
_exit                         0xc55         Code  Gb  cexit.o [4]
_main                         0xc43         Code  Gb  cmain.o [4]
exit                          0xc4f    0x4  Code  Gb  exit.o [2]
g_pppui32XTALtoVCO            0x6b8  0x1b0  Data  Lc  sysctl.o [3]
g_pui32VCOFrequencies         0x898    0x8  Data  Lc  sysctl.o [3]
g_pui32Xtals                  0x64c   0x6c  Data  Lc  sysctl.o [3]
g_sXTALtoMEMTIM               0x868   0x30  Data  Lc  sysctl.o [3]
main                          0xa61   0xee  Code  Gb  simple_io_process_sp.o [1]


[1] = F:\Projetos_SE\Clone_Prof_aula1\EK-TM4C1294_IAR8\Projects\simple_io_process_sp\Debug\Obj
[2] = dl7M_tln.a
[3] = driverlib.a
[4] = rt7M_tl.a
[5] = shb_l.a

   3'200 bytes of readonly  code memory
      16 bytes of readonly  data memory
  32'773 bytes of readwrite data memory

Errors: none
Warnings: 1
