###############################################################################
#
# IAR ELF Linker V8.50.9.278/W32 for ARM                  04/Mar/2021  19:24:12
# Copyright 2007-2020 IAR Systems AB.
#
#    Output file  =
#        F:\Projetos_SE\Clone_Prof_aula1\EK-TM4C1294_IAR8\Projects\simple_uart\Debug\Exe\simple_uart.out
#    Map file     =
#        F:\Projetos_SE\Clone_Prof_aula1\EK-TM4C1294_IAR8\Projects\simple_uart\Debug\List\simple_uart.map
#    Command line =
#        -f C:\Users\karac\AppData\Local\Temp\EW9C6.tmp
#        (F:\Projetos_SE\Clone_Prof_aula1\EK-TM4C1294_IAR8\TivaWare_C_Series-2.1.4.178\driverlib\ewarm\Exe\driverlib.a
#        F:\Projetos_SE\Clone_Prof_aula1\EK-TM4C1294_IAR8\Projects\simple_uart\Debug\Obj\simple_uart.o
#        F:\Projetos_SE\Clone_Prof_aula1\EK-TM4C1294_IAR8\Projects\simple_uart\Debug\Obj\startup_TM4C1294.o
#        F:\Projetos_SE\Clone_Prof_aula1\EK-TM4C1294_IAR8\Projects\simple_uart\Debug\Obj\system_TM4C1294_TW.o
#        F:\Projetos_SE\Clone_Prof_aula1\EK-TM4C1294_IAR8\Projects\simple_uart\Debug\Obj\uartstdio.o
#        --no_out_extension -o
#        F:\Projetos_SE\Clone_Prof_aula1\EK-TM4C1294_IAR8\Projects\simple_uart\Debug\Exe\simple_uart.out
#        --map
#        F:\Projetos_SE\Clone_Prof_aula1\EK-TM4C1294_IAR8\Projects\simple_uart\Debug\List\simple_uart.map
#        --config "C:\Program Files (x86)\IAR Systems\Embedded Workbench
#        8.4\arm\config\linker\TexasInstruments\TM4C1294NC.icf" --semihosting
#        --entry __iar_program_start --vfe --text_out locale)
#
###############################################################################

*******************************************************************************
*** MESSAGES
***

Warning[Lt009]: Inconsistent wchar_t size
            gpio.o(driverlib.a) and 5 other objects in driverlib.a have wchar_t
                      size 16 bits
            simple_uart.o and 15 other objects, some of them in dl7M_tln.a and
                      11 other libraries have wchar_t size 32 bits


*******************************************************************************
*** RUNTIME MODEL ATTRIBUTES
***

CppFlavor       = *
__SystemLibrary = DLib
__dlib_version  = 6


*******************************************************************************
*** HEAP SELECTION
***

The basic heap was selected because some modules are built with
size limitations (and not runtime checking), and --advanced_heap
was not specified.


*******************************************************************************
*** PLACEMENT SUMMARY
***

"A0":  place at address 0x0 { ro section .intvec };
"P1":  place in [from 0x0 to 0xf'ffff] { ro };
define block CSTACK with size = 32K, alignment = 8 { };
define block HEAP with size = 64K, alignment = 8 { };
"P2":  place in [from 0x2000'0000 to 0x2003'ffff] {
          rw, block CSTACK, block HEAP };

  Section          Kind         Address    Size  Object
  -------          ----         -------    ----  ------
"A0":                                     0x3c0
  .intvec          ro code          0x0   0x3c0  startup_TM4C1294.o [1]
                                - 0x3c0   0x3c0

"P1":                                    0x1178
  .text            ro code        0x3c0   0x518  uartstdio.o [1]
  .text            ro code        0x8d8    0xf4  interrupt.o [3]
  .text            ro code        0x9cc    0xe6  uart.o [3]
  .text            ro code        0xab2    0x3a  zero_init3.o [4]
  .text            ro code        0xaec   0x4f0  sysctl.o [3]
  .text            ro code        0xfdc    0x10  cpu.o [3]
  .text            ro code        0xfec   0x258  gpio.o [3]
  .text            ro code       0x1244   0x18c  simple_uart.o [1]
  .text            ro code       0x13d0    0x28  systick.o [3]
  .text            ro code       0x13f8    0x2c  system_TM4C1294_TW.o [1]
  .text            ro code       0x1424    0x28  data_init.o [4]
  .iar.init_table  const         0x144c    0x10  - Linker created -
  .rodata          const         0x145c    0x20  simple_uart.o [1]
  .text            ro code       0x147c    0x1e  cmain.o [4]
  .text            ro code       0x149a     0x4  low_level_init.o [2]
  .text            ro code       0x149e     0x4  exit.o [2]
  .text            ro code       0x14a2     0x2  startup_TM4C1294.o [1]
  .text            ro code       0x14a4     0xa  cexit.o [4]
  .text            ro code       0x14b0    0x14  exit.o [5]
  .text            ro code       0x14c4    0x1c  cstartup_M.o [4]
  .text            ro code       0x14e0    0x14  startup_TM4C1294.o [1]
  .rodata          const         0x14f4    0x14  uartstdio.o [1]
  .rodata          const         0x1508     0xc  uartstdio.o [1]
  .rodata          const         0x1514     0xc  uartstdio.o [1]
  .rodata          const         0x1520     0xc  uartstdio.o [1]
  .rodata          const         0x152c     0x8  uartstdio.o [1]
  .rodata          const         0x1534     0x4  uartstdio.o [1]
  .rodata          const         0x1538     0x0  zero_init3.o [4]
                               - 0x1538  0x1178

"P2", part 1 of 2:                        0x49c
  .bss             zero     0x2000'0000   0x400  uartstdio.o [1]
  .bss             zero     0x2000'0400    0x80  uartstdio.o [1]
  .bss             zero     0x2000'0480     0x4  uartstdio.o [1]
  .bss             zero     0x2000'0484     0x4  uartstdio.o [1]
  .bss             zero     0x2000'0488     0x4  uartstdio.o [1]
  .bss             zero     0x2000'048c     0x4  uartstdio.o [1]
  .bss             zero     0x2000'0490     0x4  uartstdio.o [1]
  .bss             zero     0x2000'0494     0x4  uartstdio.o [1]
  .bss             zero     0x2000'0498     0x1  simple_uart.o [1]
  .bss             zero     0x2000'0499     0x1  uartstdio.o [1]
  .bss             zero     0x2000'049a     0x1  uartstdio.o [1]
                          - 0x2000'049b   0x49b

"P2", part 2 of 2:                       0x8004
  .noinit          uninit   0x2000'049c     0x4  system_TM4C1294_TW.o [1]
  CSTACK                    0x2000'04a0  0x8000  <Block>
    CSTACK         uninit   0x2000'04a0  0x8000  <Block tail>
                          - 0x2000'84a0  0x8004

Unused ranges:

         From           To      Size
         ----           --      ----
       0x1538     0xf'ffff  0xf'eac8
  0x2000'84a0  0x2003'ffff  0x3'7b60


*******************************************************************************
*** INIT TABLE
***

          Address      Size
          -------      ----
Zero (__iar_zero_init3)
    1 destination range, total size 0x49b:
          0x2000'0000  0x49b



*******************************************************************************
*** MODULE SUMMARY
***

    Module                ro code  ro data  rw data
    ------                -------  -------  -------
command line/config:
    -----------------------------------------------
    Total:

F:\Projetos_SE\Clone_Prof_aula1\EK-TM4C1294_IAR8\Projects\simple_uart\Debug\Obj: [1]
    simple_uart.o             396       32        1
    startup_TM4C1294.o        982
    system_TM4C1294_TW.o       44                 4
    uartstdio.o             1'304       68    1'178
    -----------------------------------------------
    Total:                  2'726      100    1'183

dl7M_tln.a: [2]
    exit.o                      4
    low_level_init.o            4
    -----------------------------------------------
    Total:                      8

driverlib.a: [3]
    cpu.o                      16
    gpio.o                    600
    interrupt.o               244
    sysctl.o                1'264
    systick.o                  40
    uart.o                    230
    -----------------------------------------------
    Total:                  2'394

rt7M_tl.a: [4]
    cexit.o                    10
    cmain.o                    30
    cstartup_M.o               28
    data_init.o                40
    zero_init3.o               58
    -----------------------------------------------
    Total:                    166

shb_l.a: [5]
    exit.o                     20
    -----------------------------------------------
    Total:                     20

    Gaps                        2
    Linker created                      16   32'768
---------------------------------------------------
    Grand Total:            5'316      116   33'951


*******************************************************************************
*** ENTRY LIST
***

Entry                       Address   Size  Type      Object
-----                       -------   ----  ----      ------
.iar.init_table$$Base        0x144c          --   Gb  - Linker created -
.iar.init_table$$Limit       0x145c          --   Gb  - Linker created -
?main                        0x147d         Code  Gb  cmain.o [4]
CPUcpsid                      0xfdd    0x8  Code  Gb  cpu.o [3]
CPUcpsie                      0xfe5    0x8  Code  Gb  cpu.o [3]
CSTACK$$Base            0x2000'04a0          --   Gb  - Linker created -
CSTACK$$Limit           0x2000'84a0          --   Gb  - Linker created -
GPIODirModeSet                0xfed   0x28  Code  Gb  gpio.o [3]
GPIOPadConfigSet             0x1015   0xfe  Code  Gb  gpio.o [3]
GPIOPinConfigure             0x1177   0x38  Code  Gb  gpio.o [3]
GPIOPinRead                  0x1113    0x6  Code  Gb  gpio.o [3]
GPIOPinTypeGPIOInput         0x1123   0x14  Code  Gb  gpio.o [3]
GPIOPinTypeGPIOOutput        0x1137    0xa  Code  Gb  gpio.o [3]
GPIOPinTypeUART              0x115b   0x14  Code  Gb  gpio.o [3]
GPIOPinWrite                 0x1119    0x6  Code  Gb  gpio.o [3]
IntDisable                    0x945   0x56  Code  Gb  interrupt.o [3]
IntEnable                     0x8ef   0x56  Code  Gb  interrupt.o [3]
IntMasterDisable              0x8e1    0x6  Code  Gb  interrupt.o [3]
IntMasterEnable               0x8d9    0x8  Code  Gb  interrupt.o [3]
IsBufferEmpty                 0x3dd   0x12  Code  Lc  uartstdio.o [1]
IsBufferFull                  0x3c1   0x1c  Code  Lc  uartstdio.o [1]
LED_D1                  0x2000'0498    0x1  Data  Gb  simple_uart.o [1]
Region$$Table$$Base          0x144c          --   Gb  - Linker created -
Region$$Table$$Limit         0x145c          --   Gb  - Linker created -
SysCtlClockFreqSet            0xb53  0x204  Code  Gb  sysctl.o [3]
SysCtlPeripheralEnable        0xb37    0x8  Code  Gb  sysctl.o [3]
SysCtlPeripheralPresent
                              0xb0d    0xa  Code  Gb  sysctl.o [3]
SysCtlPeripheralReady         0xb17    0x8  Code  Gb  sysctl.o [3]
SysTickEnable                0x13d1    0xc  Code  Gb  systick.o [3]
SysTickIntEnable             0x13dd    0xc  Code  Gb  systick.o [3]
SysTickPeriodSet             0x13e9    0x8  Code  Gb  systick.o [3]
SysTick_Handler              0x129b   0x18  Code  Gb  simple_uart.o [1]
SystemCoreClock         0x2000'049c    0x4  Data  Gb  system_TM4C1294_TW.o [1]
SystemInit                   0x13f9   0x1a  Code  Gb  system_TM4C1294_TW.o [1]
UART0_Handler                0x1293    0x8  Code  Gb  simple_uart.o [1]
UARTCharGetNonBlocking        0xa77    0xe  Code  Gb  uart.o [3]
UARTCharPutNonBlocking        0xa85    0xe  Code  Gb  uart.o [3]
UARTCharsAvail                0xa63    0x6  Code  Gb  uart.o [3]
UARTConfigSetExpClk           0x9d3   0x4c  Code  Gb  uart.o [3]
UARTDisable                   0xa39   0x1e  Code  Gb  uart.o [3]
UARTEnable                    0xa1f   0x1a  Code  Gb  uart.o [3]
UARTFIFOLevelSet              0x9cd    0x6  Code  Gb  uart.o [3]
UARTFlushRx                   0x72d   0x1c  Code  Gb  uartstdio.o [1]
UARTFlushTx                   0x749   0x30  Code  Gb  uartstdio.o [1]
UARTInit                     0x1245   0x4e  Code  Gb  simple_uart.o [1]
UARTIntClear                  0xaaf    0x4  Code  Gb  uart.o [3]
UARTIntDisable                0xa99    0x4  Code  Gb  uart.o [3]
UARTIntEnable                 0xa93    0x6  Code  Gb  uart.o [3]
UARTIntStatus                 0xaa5    0xa  Code  Gb  uart.o [3]
UARTPrimeTransmit             0x3ef   0x6a  Code  Lc  uartstdio.o [1]
UARTSpaceAvail                0xa69    0x4  Code  Gb  uart.o [3]
UARTStdioConfig               0x459   0x7e  Code  Gb  uartstdio.o [1]
UARTStdioIntHandler           0x77d  0x116  Code  Gb  uartstdio.o [1]
UARTStdioIntHandler::bLastWasCR
                        0x2000'049a    0x1  Data  Lc  uartstdio.o [1]
UARTprintf                    0x71f    0xe  Code  Gb  uartstdio.o [1]
UARTvprintf                   0x569  0x1b6  Code  Gb  uartstdio.o [1]
UARTwrite                     0x4d7   0x92  Code  Gb  uartstdio.o [1]
_SysCtlMemTimingGet           0xaed   0x20  Code  Lc  sysctl.o [3]
__Vectors                       0x0          --   Gb  startup_TM4C1294.o [1]
__Vectors_End                 0x3c0         Data  Gb  startup_TM4C1294.o [1]
__Vectors_Size {Abs}          0x3c0          --   Gb  startup_TM4C1294.o [1]
__cmain                      0x147d         Code  Gb  cmain.o [4]
__exit                       0x14b1   0x14  Code  Gb  exit.o [5]
__iar_data_init3             0x1425   0x28  Code  Gb  data_init.o [4]
__iar_init_vfp               0x14e9         Code  Wk  startup_TM4C1294.o [1]
__iar_program_start          0x14c5         Code  Gb  cstartup_M.o [4]
__iar_zero_init3              0xab3   0x3a  Code  Gb  zero_init3.o [4]
__low_level_init             0x149b    0x4  Code  Gb  low_level_init.o [2]
__vector_table                  0x0         Data  Gb  startup_TM4C1294.o [1]
__vector_table_0x1c            0x1c         Data  Gb  startup_TM4C1294.o [1]
_call_main                   0x1489         Code  Gb  cmain.o [4]
_exit                        0x14a5         Code  Gb  cexit.o [4]
_main                        0x1493         Code  Gb  cmain.o [4]
exit                         0x149f    0x4  Code  Gb  exit.o [2]
g_bDisableEcho          0x2000'0499    0x1  Data  Lc  uartstdio.o [1]
g_pcHex                      0x1534    0x4  Data  Lc  uartstdio.o [1]
g_pcUARTRxBuffer        0x2000'0400   0x80  Data  Lc  uartstdio.o [1]
g_pcUARTTxBuffer        0x2000'0000  0x400  Data  Lc  uartstdio.o [1]
g_pppui32XTALtoVCO            0xdf4  0x1b0  Data  Lc  sysctl.o [3]
g_pui32Dii16Regs              0x9b8   0x14  Data  Lc  interrupt.o [3]
g_pui32EnRegs                 0x9a4   0x14  Data  Lc  interrupt.o [3]
g_pui32GPIOBaseAddrs         0x11b4   0x90  Data  Lc  gpio.o [3]
g_pui32VCOFrequencies         0xfd4    0x8  Data  Lc  sysctl.o [3]
g_pui32Xtals                  0xd88   0x6c  Data  Lc  sysctl.o [3]
g_sXTALtoMEMTIM               0xfa4   0x30  Data  Lc  sysctl.o [3]
g_ui32Base              0x2000'0490    0x4  Data  Lc  uartstdio.o [1]
g_ui32PortNum           0x2000'0494    0x4  Data  Lc  uartstdio.o [1]
g_ui32UARTBase               0x1508    0xc  Data  Lc  uartstdio.o [1]
g_ui32UARTInt                0x1514    0xc  Data  Lc  uartstdio.o [1]
g_ui32UARTPeriph             0x1520    0xc  Data  Lc  uartstdio.o [1]
g_ui32UARTRxReadIndex   0x2000'048c    0x4  Data  Lc  uartstdio.o [1]
g_ui32UARTRxWriteIndex  0x2000'0488    0x4  Data  Lc  uartstdio.o [1]
g_ui32UARTTxReadIndex   0x2000'0484    0x4  Data  Lc  uartstdio.o [1]
g_ui32UARTTxWriteIndex  0x2000'0480    0x4  Data  Lc  uartstdio.o [1]
main                         0x12b3   0xec  Code  Gb  simple_uart.o [1]


[1] = F:\Projetos_SE\Clone_Prof_aula1\EK-TM4C1294_IAR8\Projects\simple_uart\Debug\Obj
[2] = dl7M_tln.a
[3] = driverlib.a
[4] = rt7M_tl.a
[5] = shb_l.a

   5'316 bytes of readonly  code memory
     116 bytes of readonly  data memory
  33'951 bytes of readwrite data memory

Errors: none
Warnings: 1
